Archive member included because of file (symbol)

../../BSP/Debug\libBSP.a(rtc.o)
                              ./lab11.o (rtc_init)
../../BSP/Debug\libBSP.a(system.o)
                              ./lab11.o (sys_init)
../../BSP/Debug\libBSP.a(uart.o)
                              ./lab11.o (uart0_init)
../../BSP/Debug\libBSP.a(segs.o)
                              ../../BSP/Debug\libBSP.a(system.o) (segs_init)

Allocating common symbols
Common symbol       size              file

flag                0x1               ./lab11.o

Memory Configuration

Name             Origin             Length             Attributes
*default*        0x00000000         0xffffffff

Linker script and memory map

LOAD ./bootloader.o
LOAD ./lab11.o
LOAD ../../BSP/Debug\libBSP.a
START GROUP
LOAD c:/eclipsearm/sourcery-g++-lite-arm-2011.03/bin/../lib/gcc/arm-none-eabi/4.5.2\libgcc.a
LOAD c:/eclipsearm/sourcery-g++-lite-arm-2011.03/bin/../lib/gcc/arm-none-eabi/4.5.2/../../../../arm-none-eabi/lib\libc.a
END GROUP
                0x0c000000                . = 0xc000000
                0x0c000000                _image_start = .

.text           0x0c000000     0x2c54
 bootloader.o()
 .text          0x0c000000      0x584 bootloader.o
 .data          0x0c000584        0x0 bootloader.o
 .bss           0x0c000584        0x0 bootloader.o
 .ARM.attributes
                0x0c000584       0x22 bootloader.o
 .debug_line    0x0c0005a6       0xc6 bootloader.o
 .debug_info    0x0c00066c       0x82 bootloader.o
 .debug_abbrev  0x0c0006ee       0x14 bootloader.o
 *fill*         0x0c000702        0x6 00
 .debug_aranges
                0x0c000708       0x20 bootloader.o
 *(.text)
 .text          0x0c000728      0x584 ./bootloader.o
 .text          0x0c000cac      0x284 ./lab11.o
                0x0c000cac                main
                0x0c000ef0                isr_tick
 .text          0x0c000f30      0x92c ../../BSP/Debug\libBSP.a(rtc.o)
                0x0c000f30                rtc_init
                0x0c00106c                rtc_puttime
                0x0c001324                rtc_gettime
                0x0c00178c                rtc_open
                0x0c001808                rtc_close
 .text          0x0c00185c      0xd64 ../../BSP/Debug\libBSP.a(system.o)
                0x0c00185c                sys_init
                0x0c001dcc                isr_SWI_dummy
                0x0c001df8                isr_UNDEF_dummy
                0x0c001e24                isr_IRQ_dummy
                0x0c001e50                isr_FIQ_dummy
                0x0c001e7c                isr_PABORT_dummy
                0x0c001ea8                isr_DABORT_dummy
                0x0c001ed4                isr_ADC_dummy
                0x0c001f00                isr_RTC_dummy
                0x0c001f2c                isr_UTXD1_dummy
                0x0c001f58                isr_UTXD0_dummy
                0x0c001f84                isr_SIO_dummy
                0x0c001fb0                isr_IIC_dummy
                0x0c001fdc                isr_URXD1_dummy
                0x0c002008                isr_URXD0_dummy
                0x0c002034                isr_TIMER5_dummy
                0x0c002060                isr_TIMER4_dummy
                0x0c00208c                isr_TIMER3_dummy
                0x0c0020b8                isr_TIMER2_dummy
                0x0c0020e4                isr_TIMER1_dummy
                0x0c002110                isr_TIMER0_dummy
                0x0c00213c                isr_UERR01_dummy
                0x0c002168                isr_WDT_dummy
                0x0c002194                isr_BDMA1_dummy
                0x0c0021c0                isr_BDMA0_dummy
                0x0c0021ec                isr_ZDMA1_dummy
                0x0c002218                isr_ZDMA0_dummy
                0x0c002244                isr_TICK_dummy
                0x0c002270                isr_PB_dummy
                0x0c00229c                isr_ETHERNET_dummy
                0x0c0022c8                isr_TS_dummy
                0x0c0022f4                isr_KEYPAD_dummy
                0x0c002320                isr_USB_dummy
                0x0c002370                sleep
 .text          0x0c0025c0      0x5c0 ../../BSP/Debug\libBSP.a(uart.o)
                0x0c0025c0                uart0_init
                0x0c002624                uart0_putchar
                0x0c002674                uart0_getchar
                0x0c0026bc                uart0_puts
                0x0c00270c                uart0_putint
                0x0c002810                uart0_puthex
                0x0c0028c8                uart0_gets
                0x0c002934                uart0_getint
                0x0c002a48                uart0_gethex
 .text          0x0c002b80       0xd4 ../../BSP/Debug\libBSP.a(segs.o)
                0x0c002b80                segs_init
                0x0c002b9c                segs_off
                0x0c002bd4                segs_putchar
                0x0c002c2c                segs_status

.glue_7         0x0c002c54        0x0
 .glue_7        0x00000000        0x0 linker stubs

.glue_7t        0x0c002c54        0x0
 .glue_7t       0x00000000        0x0 linker stubs

.vfp11_veneer   0x0c002c54        0x0
 .vfp11_veneer  0x00000000        0x0 linker stubs

.v4_bx          0x0c002c54        0x0
 .v4_bx         0x00000000        0x0 linker stubs

.rodata         0x0c002c54      0x6d8
 *(.rodata)
 .rodata        0x0c002c54       0xbc ./lab11.o
 .rodata        0x0c002d10      0x60c ../../BSP/Debug\libBSP.a(system.o)
 .rodata        0x0c00331c       0x10 ../../BSP/Debug\libBSP.a(segs.o)

.data           0x0c00332c        0x0
 *(.data)
 .data          0x0c00332c        0x0 ./bootloader.o
 .data          0x0c00332c        0x0 ./lab11.o
 .data          0x0c00332c        0x0 ../../BSP/Debug\libBSP.a(rtc.o)
 .data          0x0c00332c        0x0 ../../BSP/Debug\libBSP.a(system.o)
 .data          0x0c00332c        0x0 ../../BSP/Debug\libBSP.a(uart.o)
 .data          0x0c00332c        0x0 ../../BSP/Debug\libBSP.a(segs.o)

.bss            0x0c00332c        0x2
 *(.bss)
 .bss           0x0c00332c        0x0 ./bootloader.o
 .bss           0x0c00332c        0x0 ./lab11.o
 .bss           0x0c00332c        0x0 ../../BSP/Debug\libBSP.a(rtc.o)
 .bss           0x0c00332c        0x0 ../../BSP/Debug\libBSP.a(system.o)
 .bss           0x0c00332c        0x0 ../../BSP/Debug\libBSP.a(uart.o)
 .bss           0x0c00332c        0x1 ../../BSP/Debug\libBSP.a(segs.o)
 COMMON         0x0c00332d        0x1 ./lab11.o
                0x0c00332d                flag
                0x0c00332e                _image_end = .
                0x0c00332e                end = .
OUTPUT(lab11.elf elf32-littlearm)

.ARM.attributes
                0x00000000       0x2e
 .ARM.attributes
                0x00000000       0x22 ./bootloader.o
 .ARM.attributes
                0x00000022       0x32 ./lab11.o
 .ARM.attributes
                0x00000054       0x32 ../../BSP/Debug\libBSP.a(rtc.o)
 .ARM.attributes
                0x00000086       0x32 ../../BSP/Debug\libBSP.a(system.o)
 .ARM.attributes
                0x000000b8       0x32 ../../BSP/Debug\libBSP.a(uart.o)
 .ARM.attributes
                0x000000ea       0x32 ../../BSP/Debug\libBSP.a(segs.o)

.comment        0x00000000       0x2a
 .comment       0x00000000       0x2a ./lab11.o
                                 0x2b (size before relaxing)
 .comment       0x00000000       0x2b ../../BSP/Debug\libBSP.a(rtc.o)
 .comment       0x00000000       0x2b ../../BSP/Debug\libBSP.a(system.o)
 .comment       0x00000000       0x2b ../../BSP/Debug\libBSP.a(uart.o)
 .comment       0x00000000       0x2b ../../BSP/Debug\libBSP.a(segs.o)

.debug_line     0x00000000      0x675
 .debug_line    0x00000000       0xc6 ./bootloader.o
 .debug_line    0x000000c6       0xc6 ./lab11.o
 .debug_line    0x0000018c       0xf8 ../../BSP/Debug\libBSP.a(rtc.o)
 .debug_line    0x00000284      0x230 ../../BSP/Debug\libBSP.a(system.o)
 .debug_line    0x000004b4      0x12e ../../BSP/Debug\libBSP.a(uart.o)
 .debug_line    0x000005e2       0x93 ../../BSP/Debug\libBSP.a(segs.o)

.debug_info     0x00000000      0xb47
 .debug_info    0x00000000       0x82 ./bootloader.o
 .debug_info    0x00000082      0x15a ./lab11.o
 .debug_info    0x000001dc      0x1ac ../../BSP/Debug\libBSP.a(rtc.o)
 .debug_info    0x00000388      0x424 ../../BSP/Debug\libBSP.a(system.o)
 .debug_info    0x000007ac      0x28e ../../BSP/Debug\libBSP.a(uart.o)
 .debug_info    0x00000a3a      0x10d ../../BSP/Debug\libBSP.a(segs.o)

.debug_abbrev   0x00000000      0x42c
 .debug_abbrev  0x00000000       0x14 ./bootloader.o
 .debug_abbrev  0x00000014       0xc8 ./lab11.o
 .debug_abbrev  0x000000dc       0xbe ../../BSP/Debug\libBSP.a(rtc.o)
 .debug_abbrev  0x0000019a       0xeb ../../BSP/Debug\libBSP.a(system.o)
 .debug_abbrev  0x00000285       0xf4 ../../BSP/Debug\libBSP.a(uart.o)
 .debug_abbrev  0x00000379       0xb3 ../../BSP/Debug\libBSP.a(segs.o)

.debug_aranges  0x00000000       0xc0
 .debug_aranges
                0x00000000       0x20 ./bootloader.o
 .debug_aranges
                0x00000020       0x20 ./lab11.o
 .debug_aranges
                0x00000040       0x20 ../../BSP/Debug\libBSP.a(rtc.o)
 .debug_aranges
                0x00000060       0x20 ../../BSP/Debug\libBSP.a(system.o)
 .debug_aranges
                0x00000080       0x20 ../../BSP/Debug\libBSP.a(uart.o)
 .debug_aranges
                0x000000a0       0x20 ../../BSP/Debug\libBSP.a(segs.o)

.debug_macinfo  0x00000000    0x17a97
 .debug_macinfo
                0x00000000     0x4821 ./lab11.o
 .debug_macinfo
                0x00004821     0x4d00 ../../BSP/Debug\libBSP.a(rtc.o)
 .debug_macinfo
                0x00009521     0x5568 ../../BSP/Debug\libBSP.a(system.o)
 .debug_macinfo
                0x0000ea89     0x430d ../../BSP/Debug\libBSP.a(uart.o)
 .debug_macinfo
                0x00012d96     0x4d01 ../../BSP/Debug\libBSP.a(segs.o)

.debug_loc      0x00000000      0x9f8
 .debug_loc     0x00000000       0x58 ./lab11.o
 .debug_loc     0x00000058       0xdc ../../BSP/Debug\libBSP.a(rtc.o)
 .debug_loc     0x00000134      0x688 ../../BSP/Debug\libBSP.a(system.o)
 .debug_loc     0x000007bc      0x18c ../../BSP/Debug\libBSP.a(uart.o)
 .debug_loc     0x00000948       0xb0 ../../BSP/Debug\libBSP.a(segs.o)

.debug_pubnames
                0x00000000      0x41d
 .debug_pubnames
                0x00000000       0x31 ./lab11.o
 .debug_pubnames
                0x00000031       0x5a ../../BSP/Debug\libBSP.a(rtc.o)
 .debug_pubnames
                0x0000008b      0x29d ../../BSP/Debug\libBSP.a(system.o)
 .debug_pubnames
                0x00000328       0xa7 ../../BSP/Debug\libBSP.a(uart.o)
 .debug_pubnames
                0x000003cf       0x4e ../../BSP/Debug\libBSP.a(segs.o)

.debug_pubtypes
                0x00000000       0xec
 .debug_pubtypes
                0x00000000       0x42 ./lab11.o
 .debug_pubtypes
                0x00000042       0x36 ../../BSP/Debug\libBSP.a(rtc.o)
 .debug_pubtypes
                0x00000078       0x27 ../../BSP/Debug\libBSP.a(system.o)
 .debug_pubtypes
                0x0000009f       0x31 ../../BSP/Debug\libBSP.a(uart.o)
 .debug_pubtypes
                0x000000d0       0x1c ../../BSP/Debug\libBSP.a(segs.o)

.debug_str      0x00000000      0x4c9
 .debug_str     0x00000000       0xfe ./lab11.o
                                0x117 (size before relaxing)
 .debug_str     0x000000fe       0x86 ../../BSP/Debug\libBSP.a(rtc.o)
                                0x130 (size before relaxing)
 .debug_str     0x00000184      0x26a ../../BSP/Debug\libBSP.a(system.o)
                                0x326 (size before relaxing)
 .debug_str     0x000003ee       0x92 ../../BSP/Debug\libBSP.a(uart.o)
                                0x159 (size before relaxing)
 .debug_str     0x00000480       0x49 ../../BSP/Debug\libBSP.a(segs.o)
                                 0xfe (size before relaxing)

.debug_frame    0x00000000      0x918
 .debug_frame   0x00000000       0x58 ./lab11.o
 .debug_frame   0x00000058       0xb0 ../../BSP/Debug\libBSP.a(rtc.o)
 .debug_frame   0x00000108      0x650 ../../BSP/Debug\libBSP.a(system.o)
 .debug_frame   0x00000758      0x130 ../../BSP/Debug\libBSP.a(uart.o)
 .debug_frame   0x00000888       0x90 ../../BSP/Debug\libBSP.a(segs.o)
