18:20:48 **** Build of configuration Debug for project lab11 ****
cs-make all 
'Building target: lab11.elf'
'Invoking: ARM Sourcery Windows GCC C Linker'
arm-none-eabi-gcc -T"../lab11.ld" -nostartfiles -L../../BSP/Debug -Wl,-Map,lab11.map -mcpu=arm7tdmi -g3 -gdwarf-2 -o "lab11.elf"  ./bootloader.o ./lab11.o   -lBSP
'Finished building target: lab11.elf'
' '
'Invoking: ARM Sourcery Windows GNU Create Flash Image'
arm-none-eabi-objcopy -O binary lab11.elf  "lab11.hex"
'Finished building: lab11.hex'
' '
'Invoking: ARM Sourcery Windows GNU Create Listing'
arm-none-eabi-objdump -h -S lab11.elf > "lab11.lst"
'Finished building: lab11.lst'
' '
'Invoking: ARM Sourcery Windows GNU Print Size'
arm-none-eabi-size  --format=berkeley lab11.elf
   text	   data	    bss	    dec	    hex	filename
  13100	      0	      2	  13102	   332e	lab11.elf
'Finished building: lab11.siz'
' '

18:20:49 Build Finished (took 795ms)

