Archive member included because of file (symbol)

../../BSP/Debug\libBSP.a(system.o)
                              ./lab7.o (sys_init)
../../BSP/Debug\libBSP.a(uart.o)
                              ../../BSP/Debug\libBSP.a(system.o) (uart0_init)
../../BSP/Debug\libBSP.a(segs.o)
                              ../../BSP/Debug\libBSP.a(system.o) (segs_init)

Memory Configuration

Name             Origin             Length             Attributes
*default*        0x00000000         0xffffffff

Linker script and memory map

LOAD ./lab7.o
LOAD ../../BSP/Debug\libBSP.a
START GROUP
LOAD c:/eclipsearm/sourcery-g++-lite-arm-2011.03/bin/../lib/gcc/arm-none-eabi/4.5.2\libgcc.a
LOAD c:/eclipsearm/sourcery-g++-lite-arm-2011.03/bin/../lib/gcc/arm-none-eabi/4.5.2/../../../../arm-none-eabi/lib\libc.a
END GROUP
                0x0c100000                . = 0xc100000

.text           0x0c100000     0x170c
 *(.text)
 .text          0x0c100000      0x314 ./lab7.o
                0x0c100000                main
                0x0c1002d0                one_second_loop
 .text          0x0c100314      0xd64 ../../BSP/Debug\libBSP.a(system.o)
                0x0c100314                sys_init
                0x0c100884                isr_SWI_dummy
                0x0c1008b0                isr_UNDEF_dummy
                0x0c1008dc                isr_IRQ_dummy
                0x0c100908                isr_FIQ_dummy
                0x0c100934                isr_PABORT_dummy
                0x0c100960                isr_DABORT_dummy
                0x0c10098c                isr_ADC_dummy
                0x0c1009b8                isr_RTC_dummy
                0x0c1009e4                isr_UTXD1_dummy
                0x0c100a10                isr_UTXD0_dummy
                0x0c100a3c                isr_SIO_dummy
                0x0c100a68                isr_IIC_dummy
                0x0c100a94                isr_URXD1_dummy
                0x0c100ac0                isr_URXD0_dummy
                0x0c100aec                isr_TIMER5_dummy
                0x0c100b18                isr_TIMER4_dummy
                0x0c100b44                isr_TIMER3_dummy
                0x0c100b70                isr_TIMER2_dummy
                0x0c100b9c                isr_TIMER1_dummy
                0x0c100bc8                isr_TIMER0_dummy
                0x0c100bf4                isr_UERR01_dummy
                0x0c100c20                isr_WDT_dummy
                0x0c100c4c                isr_BDMA1_dummy
                0x0c100c78                isr_BDMA0_dummy
                0x0c100ca4                isr_ZDMA1_dummy
                0x0c100cd0                isr_ZDMA0_dummy
                0x0c100cfc                isr_TICK_dummy
                0x0c100d28                isr_PB_dummy
                0x0c100d54                isr_ETHERNET_dummy
                0x0c100d80                isr_TS_dummy
                0x0c100dac                isr_KEYPAD_dummy
                0x0c100dd8                isr_USB_dummy
                0x0c100e28                sleep
 .text          0x0c101078      0x5c0 ../../BSP/Debug\libBSP.a(uart.o)
                0x0c101078                uart0_init
                0x0c1010dc                uart0_putchar
                0x0c10112c                uart0_getchar
                0x0c101174                uart0_puts
                0x0c1011c4                uart0_putint
                0x0c1012c8                uart0_puthex
                0x0c101380                uart0_gets
                0x0c1013ec                uart0_getint
                0x0c101500                uart0_gethex
 .text          0x0c101638       0xd4 ../../BSP/Debug\libBSP.a(segs.o)
                0x0c101638                segs_init
                0x0c101654                segs_off
                0x0c10168c                segs_putchar
                0x0c1016e4                segs_status

.glue_7         0x0c10170c        0x0
 .glue_7        0x00000000        0x0 linker stubs

.glue_7t        0x0c10170c        0x0
 .glue_7t       0x00000000        0x0 linker stubs

.vfp11_veneer   0x0c10170c        0x0
 .vfp11_veneer  0x00000000        0x0 linker stubs

.v4_bx          0x0c10170c        0x0
 .v4_bx         0x00000000        0x0 linker stubs

.rodata         0x0c10170c      0x6b0
 *(.rodata)
 .rodata        0x0c10170c       0x94 ./lab7.o
 .rodata        0x0c1017a0      0x60c ../../BSP/Debug\libBSP.a(system.o)
 .rodata        0x0c101dac       0x10 ../../BSP/Debug\libBSP.a(segs.o)

.data           0x0c101dbc        0x0
 *(.data)
 .data          0x0c101dbc        0x0 ./lab7.o
 .data          0x0c101dbc        0x0 ../../BSP/Debug\libBSP.a(system.o)
 .data          0x0c101dbc        0x0 ../../BSP/Debug\libBSP.a(uart.o)
 .data          0x0c101dbc        0x0 ../../BSP/Debug\libBSP.a(segs.o)

.bss            0x0c101dbc        0x1
 *(.bss)
 .bss           0x0c101dbc        0x0 ./lab7.o
 .bss           0x0c101dbc        0x0 ../../BSP/Debug\libBSP.a(system.o)
 .bss           0x0c101dbc        0x0 ../../BSP/Debug\libBSP.a(uart.o)
 .bss           0x0c101dbc        0x1 ../../BSP/Debug\libBSP.a(segs.o)
                0x0c101dbd                end = .
OUTPUT(lab7.elf elf32-littlearm)

.debug_abbrev   0x00000000      0x330
 .debug_abbrev  0x00000000       0x9e ./lab7.o
 .debug_abbrev  0x0000009e       0xeb ../../BSP/Debug\libBSP.a(system.o)
 .debug_abbrev  0x00000189       0xf4 ../../BSP/Debug\libBSP.a(uart.o)
 .debug_abbrev  0x0000027d       0xb3 ../../BSP/Debug\libBSP.a(segs.o)

.debug_info     0x00000000      0x8cb
 .debug_info    0x00000000      0x10c ./lab7.o
 .debug_info    0x0000010c      0x424 ../../BSP/Debug\libBSP.a(system.o)
 .debug_info    0x00000530      0x28e ../../BSP/Debug\libBSP.a(uart.o)
 .debug_info    0x000007be      0x10d ../../BSP/Debug\libBSP.a(segs.o)

.debug_line     0x00000000      0x4de
 .debug_line    0x00000000       0xed ./lab7.o
 .debug_line    0x000000ed      0x230 ../../BSP/Debug\libBSP.a(system.o)
 .debug_line    0x0000031d      0x12e ../../BSP/Debug\libBSP.a(uart.o)
 .debug_line    0x0000044b       0x93 ../../BSP/Debug\libBSP.a(segs.o)

.debug_macinfo  0x00000000    0x12eea
 .debug_macinfo
                0x00000000     0x4974 ./lab7.o
 .debug_macinfo
                0x00004974     0x5568 ../../BSP/Debug\libBSP.a(system.o)
 .debug_macinfo
                0x00009edc     0x430d ../../BSP/Debug\libBSP.a(uart.o)
 .debug_macinfo
                0x0000e1e9     0x4d01 ../../BSP/Debug\libBSP.a(segs.o)

.debug_loc      0x00000000      0x91c
 .debug_loc     0x00000000       0x58 ./lab7.o
 .debug_loc     0x00000058      0x688 ../../BSP/Debug\libBSP.a(system.o)
 .debug_loc     0x000006e0      0x18c ../../BSP/Debug\libBSP.a(uart.o)
 .debug_loc     0x0000086c       0xb0 ../../BSP/Debug\libBSP.a(segs.o)

.debug_pubnames
                0x00000000      0x3c1
 .debug_pubnames
                0x00000000       0x2f ./lab7.o
 .debug_pubnames
                0x0000002f      0x29d ../../BSP/Debug\libBSP.a(system.o)
 .debug_pubnames
                0x000002cc       0xa7 ../../BSP/Debug\libBSP.a(uart.o)
 .debug_pubnames
                0x00000373       0x4e ../../BSP/Debug\libBSP.a(segs.o)

.debug_pubtypes
                0x00000000       0xa6
 .debug_pubtypes
                0x00000000       0x32 ./lab7.o
 .debug_pubtypes
                0x00000032       0x27 ../../BSP/Debug\libBSP.a(system.o)
 .debug_pubtypes
                0x00000059       0x31 ../../BSP/Debug\libBSP.a(uart.o)
 .debug_pubtypes
                0x0000008a       0x1c ../../BSP/Debug\libBSP.a(segs.o)

.debug_aranges  0x00000000       0x80
 .debug_aranges
                0x00000000       0x20 ./lab7.o
 .debug_aranges
                0x00000020       0x20 ../../BSP/Debug\libBSP.a(system.o)
 .debug_aranges
                0x00000040       0x20 ../../BSP/Debug\libBSP.a(uart.o)
 .debug_aranges
                0x00000060       0x20 ../../BSP/Debug\libBSP.a(segs.o)

.debug_str      0x00000000      0x450
 .debug_str     0x00000000       0xd1 ./lab7.o
                                 0xea (size before relaxing)
 .debug_str     0x000000d1      0x2a4 ../../BSP/Debug\libBSP.a(system.o)
                                0x326 (size before relaxing)
 .debug_str     0x00000375       0x92 ../../BSP/Debug\libBSP.a(uart.o)
                                0x159 (size before relaxing)
 .debug_str     0x00000407       0x49 ../../BSP/Debug\libBSP.a(segs.o)
                                 0xfe (size before relaxing)

.comment        0x00000000       0x2a
 .comment       0x00000000       0x2a ./lab7.o
                                 0x2b (size before relaxing)
 .comment       0x00000000       0x2b ../../BSP/Debug\libBSP.a(system.o)
 .comment       0x00000000       0x2b ../../BSP/Debug\libBSP.a(uart.o)
 .comment       0x00000000       0x2b ../../BSP/Debug\libBSP.a(segs.o)

.ARM.attributes
                0x00000000       0x32
 .ARM.attributes
                0x00000000       0x32 ./lab7.o
 .ARM.attributes
                0x00000032       0x32 ../../BSP/Debug\libBSP.a(system.o)
 .ARM.attributes
                0x00000064       0x32 ../../BSP/Debug\libBSP.a(uart.o)
 .ARM.attributes
                0x00000096       0x32 ../../BSP/Debug\libBSP.a(segs.o)

.debug_frame    0x00000000      0x860
 .debug_frame   0x00000000       0x50 ./lab7.o
 .debug_frame   0x00000050      0x650 ../../BSP/Debug\libBSP.a(system.o)
 .debug_frame   0x000006a0      0x130 ../../BSP/Debug\libBSP.a(uart.o)
 .debug_frame   0x000007d0       0x90 ../../BSP/Debug\libBSP.a(segs.o)
